
> frontend@0.0.0 build
> vite build

[36mvite v8.0.0 [32mbuilding client environment for production...[36m[39m
[2K
transforming...Γ£ô 1834 modules transformed.
rendering chunks...
computing gzip size...
dist/index.html                   0.45 kB Γöé gzip:   0.29 kB
dist/assets/index-BmjCiLbs.css   15.87 kB Γöé gzip:   6.69 kB
dist/assets/index-rZ_hyVvW.js   428.95 kB Γöé gzip: 134.95 kB

[32mΓ£ô built in 618ms[39m
